  16_main.cpp
C:\Users\Administrator\Desktop\SBS_Programming3\Programming3\16_STL에 대한 이해 클래스 구현하기\Monster.h(28,14): error C2061: 구문 오류: 식별자 'Player'
  (소스 파일 '16_main.cpp'을(를) 컴파일하는 중)
  
C:\Users\Administrator\Desktop\SBS_Programming3\Programming3\16_STL에 대한 이해 클래스 구현하기\Monster.h(30,3): error C2065: 'player': 선언되지 않은 식별자입니다.
  (소스 파일 '16_main.cpp'을(를) 컴파일하는 중)
  
C:\Users\Administrator\Desktop\SBS_Programming3\Programming3\16_STL에 대한 이해 클래스 구현하기\16_main.cpp(54,47): warning C4267: 'return': 'size_t'에서 'int'(으)로 변환하면서 데이터가 손실될 수 있습니다.
C:\Users\Administrator\Desktop\SBS_Programming3\Programming3\16_STL에 대한 이해 클래스 구현하기\16_main.cpp(83,7): error C2660: 'Monster::Attack': 함수는 1개의 인수를 사용하지 않습니다.
  C:\Users\Administrator\Desktop\SBS_Programming3\Programming3\16_STL에 대한 이해 클래스 구현하기\Monster.h(28,7):
  'Monster::Attack' 선언을 참조하십시오.
  C:\Users\Administrator\Desktop\SBS_Programming3\Programming3\16_STL에 대한 이해 클래스 구현하기\16_main.cpp(83,7):
  인수 목록 '(Player)'을(를) 일치시키는 동안
  
  Monster.cpp
C:\Users\Administrator\Desktop\SBS_Programming3\Programming3\16_STL에 대한 이해 클래스 구현하기\Player.h(17,14): error C2061: 구문 오류: 식별자 'Monster'
  (소스 파일 'Monster.cpp'을(를) 컴파일하는 중)
  
C:\Users\Administrator\Desktop\SBS_Programming3\Programming3\16_STL에 대한 이해 클래스 구현하기\Player.h(19,3): error C2065: 'mon': 선언되지 않은 식별자입니다.
  (소스 파일 'Monster.cpp'을(를) 컴파일하는 중)
  
  Player.cpp
C:\Users\Administrator\Desktop\SBS_Programming3\Programming3\16_STL에 대한 이해 클래스 구현하기\Monster.h(28,14): error C2061: 구문 오류: 식별자 'Player'
  (소스 파일 'Player.cpp'을(를) 컴파일하는 중)
  
C:\Users\Administrator\Desktop\SBS_Programming3\Programming3\16_STL에 대한 이해 클래스 구현하기\Monster.h(30,3): error C2065: 'player': 선언되지 않은 식별자입니다.
  (소스 파일 'Player.cpp'을(를) 컴파일하는 중)
  
  코드를 생성하고 있습니다...
